// Jest Snapshot v1, https://goo.gl/fbAQLP

exports[`components/Grid - index.js Renders without error 1`] = `
ShallowWrapper {
  "length": 1,
  Symbol(enzyme.__root__): [Circular],
  Symbol(enzyme.__unrendered__): <Component
    columns={
      Array [
        Object {
          "key": "name",
          "label": "Name",
          "property": "name",
        },
        Object {
          "key": "value",
          "label": "Value",
          "property": "value",
        },
      ]
    }
    items={
      Array [
        Object {
          "name": "Name 1",
          "value": "Value 1",
        },
        Object {
          "name": "Name 2",
          "value": "Value 2",
        },
      ]
    }
    onRowClicked={[Function]}
    rowKeyProperty="value"
  />,
  Symbol(enzyme.__renderer__): Object {
    "batchedUpdates": [Function],
    "getNode": [Function],
    "render": [Function],
    "simulateEvent": [Function],
    "unmount": [Function],
  },
  Symbol(enzyme.__node__): Object {
    "instance": null,
    "key": null,
    "nodeType": "host",
    "props": Object {
      "children": Array [
        <div
          data-header={true}
          data-row={true}
        >
          <div
            data-col={true}
            style={
              Object {
                "width": "50%",
              }
            }
          >
            Name
          </div>
          <div
            data-col={true}
            style={
              Object {
                "width": "50%",
              }
            }
          >
            Value
          </div>
        </div>,
        Array [
          <div
            data-row={true}
            onClick={[Function]}
          >
            <div
              data-col={true}
              style={
                Object {
                  "width": "50%",
                }
              }
            >
              Name 1
            </div>
            <div
              data-col={true}
              style={
                Object {
                  "width": "50%",
                }
              }
            >
              Value 1
            </div>
          </div>,
          <div
            data-row={true}
            onClick={[Function]}
          >
            <div
              data-col={true}
              style={
                Object {
                  "width": "50%",
                }
              }
            >
              Name 2
            </div>
            <div
              data-col={true}
              style={
                Object {
                  "width": "50%",
                }
              }
            >
              Value 2
            </div>
          </div>,
        ],
      ],
      "className": "grid ",
      "onRowClicked": [Function],
    },
    "ref": null,
    "rendered": Array [
      Object {
        "instance": null,
        "key": null,
        "nodeType": "host",
        "props": Object {
          "children": Array [
            <div
              data-col={true}
              style={
                Object {
                  "width": "50%",
                }
              }
            >
              Name
            </div>,
            <div
              data-col={true}
              style={
                Object {
                  "width": "50%",
                }
              }
            >
              Value
            </div>,
          ],
          "data-header": true,
          "data-row": true,
        },
        "ref": null,
        "rendered": Array [
          Object {
            "instance": null,
            "key": "name",
            "nodeType": "host",
            "props": Object {
              "children": "Name",
              "data-col": true,
              "style": Object {
                "width": "50%",
              },
            },
            "ref": null,
            "rendered": "Name",
            "type": "div",
          },
          Object {
            "instance": null,
            "key": "value",
            "nodeType": "host",
            "props": Object {
              "children": "Value",
              "data-col": true,
              "style": Object {
                "width": "50%",
              },
            },
            "ref": null,
            "rendered": "Value",
            "type": "div",
          },
        ],
        "type": "div",
      },
      Object {
        "instance": null,
        "key": "Value 1",
        "nodeType": "host",
        "props": Object {
          "children": Array [
            <div
              data-col={true}
              style={
                Object {
                  "width": "50%",
                }
              }
            >
              Name 1
            </div>,
            <div
              data-col={true}
              style={
                Object {
                  "width": "50%",
                }
              }
            >
              Value 1
            </div>,
          ],
          "data-row": true,
          "onClick": [Function],
        },
        "ref": null,
        "rendered": Array [
          Object {
            "instance": null,
            "key": "name",
            "nodeType": "host",
            "props": Object {
              "children": "Name 1",
              "data-col": true,
              "style": Object {
                "width": "50%",
              },
            },
            "ref": null,
            "rendered": "Name 1",
            "type": "div",
          },
          Object {
            "instance": null,
            "key": "value",
            "nodeType": "host",
            "props": Object {
              "children": "Value 1",
              "data-col": true,
              "style": Object {
                "width": "50%",
              },
            },
            "ref": null,
            "rendered": "Value 1",
            "type": "div",
          },
        ],
        "type": "div",
      },
      Object {
        "instance": null,
        "key": "Value 2",
        "nodeType": "host",
        "props": Object {
          "children": Array [
            <div
              data-col={true}
              style={
                Object {
                  "width": "50%",
                }
              }
            >
              Name 2
            </div>,
            <div
              data-col={true}
              style={
                Object {
                  "width": "50%",
                }
              }
            >
              Value 2
            </div>,
          ],
          "data-row": true,
          "onClick": [Function],
        },
        "ref": null,
        "rendered": Array [
          Object {
            "instance": null,
            "key": "name",
            "nodeType": "host",
            "props": Object {
              "children": "Name 2",
              "data-col": true,
              "style": Object {
                "width": "50%",
              },
            },
            "ref": null,
            "rendered": "Name 2",
            "type": "div",
          },
          Object {
            "instance": null,
            "key": "value",
            "nodeType": "host",
            "props": Object {
              "children": "Value 2",
              "data-col": true,
              "style": Object {
                "width": "50%",
              },
            },
            "ref": null,
            "rendered": "Value 2",
            "type": "div",
          },
        ],
        "type": "div",
      },
    ],
    "type": "div",
  },
  Symbol(enzyme.__nodes__): Array [
    Object {
      "instance": null,
      "key": null,
      "nodeType": "host",
      "props": Object {
        "children": Array [
          <div
            data-header={true}
            data-row={true}
          >
            <div
              data-col={true}
              style={
                Object {
                  "width": "50%",
                }
              }
            >
              Name
            </div>
            <div
              data-col={true}
              style={
                Object {
                  "width": "50%",
                }
              }
            >
              Value
            </div>
          </div>,
          Array [
            <div
              data-row={true}
              onClick={[Function]}
            >
              <div
                data-col={true}
                style={
                  Object {
                    "width": "50%",
                  }
                }
              >
                Name 1
              </div>
              <div
                data-col={true}
                style={
                  Object {
                    "width": "50%",
                  }
                }
              >
                Value 1
              </div>
            </div>,
            <div
              data-row={true}
              onClick={[Function]}
            >
              <div
                data-col={true}
                style={
                  Object {
                    "width": "50%",
                  }
                }
              >
                Name 2
              </div>
              <div
                data-col={true}
                style={
                  Object {
                    "width": "50%",
                  }
                }
              >
                Value 2
              </div>
            </div>,
          ],
        ],
        "className": "grid ",
        "onRowClicked": [Function],
      },
      "ref": null,
      "rendered": Array [
        Object {
          "instance": null,
          "key": null,
          "nodeType": "host",
          "props": Object {
            "children": Array [
              <div
                data-col={true}
                style={
                  Object {
                    "width": "50%",
                  }
                }
              >
                Name
              </div>,
              <div
                data-col={true}
                style={
                  Object {
                    "width": "50%",
                  }
                }
              >
                Value
              </div>,
            ],
            "data-header": true,
            "data-row": true,
          },
          "ref": null,
          "rendered": Array [
            Object {
              "instance": null,
              "key": "name",
              "nodeType": "host",
              "props": Object {
                "children": "Name",
                "data-col": true,
                "style": Object {
                  "width": "50%",
                },
              },
              "ref": null,
              "rendered": "Name",
              "type": "div",
            },
            Object {
              "instance": null,
              "key": "value",
              "nodeType": "host",
              "props": Object {
                "children": "Value",
                "data-col": true,
                "style": Object {
                  "width": "50%",
                },
              },
              "ref": null,
              "rendered": "Value",
              "type": "div",
            },
          ],
          "type": "div",
        },
        Object {
          "instance": null,
          "key": "Value 1",
          "nodeType": "host",
          "props": Object {
            "children": Array [
              <div
                data-col={true}
                style={
                  Object {
                    "width": "50%",
                  }
                }
              >
                Name 1
              </div>,
              <div
                data-col={true}
                style={
                  Object {
                    "width": "50%",
                  }
                }
              >
                Value 1
              </div>,
            ],
            "data-row": true,
            "onClick": [Function],
          },
          "ref": null,
          "rendered": Array [
            Object {
              "instance": null,
              "key": "name",
              "nodeType": "host",
              "props": Object {
                "children": "Name 1",
                "data-col": true,
                "style": Object {
                  "width": "50%",
                },
              },
              "ref": null,
              "rendered": "Name 1",
              "type": "div",
            },
            Object {
              "instance": null,
              "key": "value",
              "nodeType": "host",
              "props": Object {
                "children": "Value 1",
                "data-col": true,
                "style": Object {
                  "width": "50%",
                },
              },
              "ref": null,
              "rendered": "Value 1",
              "type": "div",
            },
          ],
          "type": "div",
        },
        Object {
          "instance": null,
          "key": "Value 2",
          "nodeType": "host",
          "props": Object {
            "children": Array [
              <div
                data-col={true}
                style={
                  Object {
                    "width": "50%",
                  }
                }
              >
                Name 2
              </div>,
              <div
                data-col={true}
                style={
                  Object {
                    "width": "50%",
                  }
                }
              >
                Value 2
              </div>,
            ],
            "data-row": true,
            "onClick": [Function],
          },
          "ref": null,
          "rendered": Array [
            Object {
              "instance": null,
              "key": "name",
              "nodeType": "host",
              "props": Object {
                "children": "Name 2",
                "data-col": true,
                "style": Object {
                  "width": "50%",
                },
              },
              "ref": null,
              "rendered": "Name 2",
              "type": "div",
            },
            Object {
              "instance": null,
              "key": "value",
              "nodeType": "host",
              "props": Object {
                "children": "Value 2",
                "data-col": true,
                "style": Object {
                  "width": "50%",
                },
              },
              "ref": null,
              "rendered": "Value 2",
              "type": "div",
            },
          ],
          "type": "div",
        },
      ],
      "type": "div",
    },
  ],
  Symbol(enzyme.__options__): Object {
    "adapter": ReactSixteenAdapter {
      "options": Object {
        "enableComponentDidUpdateOnSetState": true,
      },
    },
  },
}
`;
